// Jest Snapshot v1, https://goo.gl/fbAQLP

exports[`multiline.html.eex 1`] = `
====================================options=====================================
parsers: ["eex"]
printWidth: 80
                                                                                | printWidth
=====================================input======================================
<div>
  <%= link
   %>
</div>

=====================================output=====================================
<div>
  <%= link %>
</div>

================================================================================
`;
